// Jest Snapshot v1, https://goo.gl/fbAQLP

exports[`internal-call-check when request not includes valid secret should response not authorized to user 1`] = `
Object {
  "end": Array [
    Array [],
  ],
  "json": Array [
    Array [
      Object {
        "message": "you are not allowed",
      },
    ],
  ],
  "status": Array [
    Array [
      401,
    ],
  ],
}
`;
